Nothing to build in platform 'uartTest'

22:30:32 **** Incremental Build of configuration Debug for project testUART ****
make all 
make --no-print-directory pre-build
a9-linaro-pre-build-step
' '
make --no-print-directory main-build
'Building file: ../src/helloworld.c'
'Invoking: ARM v7 gcc compiler'
arm-none-eabi-gcc -Wall -O0 -g3 -c -fmessage-length=0 -MT"src/helloworld.o" -mcpu=cortex-a9 -mfpu=vfpv3 -mfloat-abi=hard -IC:/Users/etien/Desktop/Proyecto-2-SEP-G14/Tests/Test_UART/testUART_vitis/uartTest/export/uartTest/sw/uartTest/standalone_domain/bspinclude/include -MMD -MP -MF"src/helloworld.d" -MT"src/helloworld.o" -o "src/helloworld.o" "../src/helloworld.c"
'Finished building: ../src/helloworld.c'
' '
'Building target: testUART.elf'
'Invoking: ARM v7 gcc linker'
arm-none-eabi-gcc -mcpu=cortex-a9 -mfpu=vfpv3 -mfloat-abi=hard -Wl,-build-id=none -specs=Xilinx.spec -Wl,-T -Wl,../src/lscript.ld -LC:/Users/etien/Desktop/Proyecto-2-SEP-G14/Tests/Test_UART/testUART_vitis/uartTest/export/uartTest/sw/uartTest/standalone_domain/bsplib/lib -o "testUART.elf"  ./src/helloworld.o ./src/platform.o   -Wl,--start-group,-lxil,-lgcc,-lc,--end-group -Wl,--start-group,-lxilffs,-lxil,-lgcc,-lc,--end-group
'Finished building target: testUART.elf'
' '
'Invoking: ARM v7 Print Size'
arm-none-eabi-size testUART.elf  |tee "testUART.elf.size"
   text	   data	    bss	    dec	    hex	filename
  91112	   2642	  25312	 119066	  1d11a	testUART.elf
'Finished building: testUART.elf.size'
' '
